$ node tests/ux/canvas-performance-benchmark.e2e.mjs round6-software-green --scale M --scenario waiting-effects --runs 1 --viewport-width 1280 --viewport-height 1000 --screenshots --use-angle=swiftshader --enable-unsafe-swiftshader

▶ M / waiting-effects
feel record: canvas-perf-benchmark/waitForFunction.png; findings=28; new-surfaces=2; evidence: /Users/aoqimin/Desktop/Nomi-process-feedback/artifacts/feel/canvas-perf-benchmark-398bd71b-b7ff-4f61-8f6b-8d673d1d5d05
WAITING_FX_CAPABILITY {"renderer":"ANGLE (Google, Vulkan 1.3.0 (SwiftShader Device (LLVM 10.0.0) (0x0000C0DE)), SwiftShader driver)","prefersReducedMotion":false,"effectCount":0}
WAITING_FX_READY {"viewport":{"width":1280,"height":1000},"nodes":8,"effectCount":0,"staticCount":8}
feel record: canvas-perf-benchmark/M-waiting-effects-0-before.png; findings=18; new-surfaces=2; evidence: /Users/aoqimin/Desktop/Nomi-process-feedback/artifacts/feel/canvas-perf-benchmark-398bd71b-b7ff-4f61-8f6b-8d673d1d5d05
WAITING_FX_CAPABILITY {"renderer":"ANGLE (Google, Vulkan 1.3.0 (SwiftShader Device (LLVM 10.0.0) (0x0000C0DE)), SwiftShader driver)","prefersReducedMotion":false,"effectCount":0}
WAITING_FX_HANDOVER {"effectCount":0,"staticCount":4}
feel record: canvas-perf-benchmark/M-waiting-effects-0-after.png; findings=10; new-surfaces=2; evidence: /Users/aoqimin/Desktop/Nomi-process-feedback/artifacts/feel/canvas-perf-benchmark-398bd71b-b7ff-4f61-8f6b-8d673d1d5d05
  warmup ok
feel record: canvas-perf-benchmark/waitForFunction.png; findings=27; new-surfaces=2; evidence: /Users/aoqimin/Desktop/Nomi-process-feedback/artifacts/feel/canvas-perf-benchmark-f2688777-98fb-4826-b84a-be6bb4e456f0
WAITING_FX_CAPABILITY {"renderer":"ANGLE (Google, Vulkan 1.3.0 (SwiftShader Device (LLVM 10.0.0) (0x0000C0DE)), SwiftShader driver)","prefersReducedMotion":false,"effectCount":0}
WAITING_FX_READY {"viewport":{"width":1280,"height":1000},"nodes":8,"effectCount":0,"staticCount":8}
feel record: canvas-perf-benchmark/M-waiting-effects-1-before.png; findings=18; new-surfaces=2; evidence: /Users/aoqimin/Desktop/Nomi-process-feedback/artifacts/feel/canvas-perf-benchmark-f2688777-98fb-4826-b84a-be6bb4e456f0
WAITING_FX_CAPABILITY {"renderer":"ANGLE (Google, Vulkan 1.3.0 (SwiftShader Device (LLVM 10.0.0) (0x0000C0DE)), SwiftShader driver)","prefersReducedMotion":false,"effectCount":0}
WAITING_FX_HANDOVER {"effectCount":0,"staticCount":4}
feel record: canvas-perf-benchmark/M-waiting-effects-1-after.png; findings=10; new-surfaces=2; evidence: /Users/aoqimin/Desktop/Nomi-process-feedback/artifacts/feel/canvas-perf-benchmark-f2688777-98fb-4826-b84a-be6bb4e456f0
  sample 1 ok

✅ 画布性能 benchmark 完成：/Users/aoqimin/Desktop/Nomi-process-feedback/tests/ux/perf-results/canvas-round6-software-green.json

EXIT_CODE=0
