[walkthrough] content viewport {"width":1680,"height":1050}
CANVAS_NODE_VISIBILITY {"stage":{"x":60,"y":56,"width":1198,"height":993,"top":56,"right":1258,"bottom":1049,"left":60},"card":{"x":369.239990234375,"y":252.04000854492188,"width":340,"height":340.0000305175781,"top":252.04000854492188,"right":709.239990234375,"bottom":592.0400390625,"left":369.239990234375}}
feel record: group-baseline/waitForFunction.png; findings=18; new-surfaces=3; evidence: /Users/aoqimin/Desktop/Nomi-canvas-red/artifacts/feel/group-baseline-bef16866-e837-4678-beb2-8cb736fc98f9
feel record: group-baseline/01-canvas-4-nodes.png; findings=18; new-surfaces=3; evidence: /Users/aoqimin/Desktop/Nomi-canvas-red/artifacts/feel/group-baseline-bef16866-e837-4678-beb2-8cb736fc98f9
  · shot 01-canvas-4-nodes
feel record: group-baseline/waitForFunction.png; findings=13; new-surfaces=0; evidence: /Users/aoqimin/Desktop/Nomi-canvas-red/artifacts/feel/group-baseline-bef16866-e837-4678-beb2-8cb736fc98f9
feel record: group-baseline/02-selection-toolbar-real.png; findings=13; new-surfaces=2; evidence: /Users/aoqimin/Desktop/Nomi-canvas-red/artifacts/feel/group-baseline-bef16866-e837-4678-beb2-8cb736fc98f9
  · shot 02-selection-toolbar-real
feel record: group-baseline/waitForFunction.png; findings=19; new-surfaces=1; evidence: /Users/aoqimin/Desktop/Nomi-canvas-red/artifacts/feel/group-baseline-bef16866-e837-4678-beb2-8cb736fc98f9
feel record: group-baseline/03-canvas-grouped.png; findings=19; new-surfaces=4; evidence: /Users/aoqimin/Desktop/Nomi-canvas-red/artifacts/feel/group-baseline-bef16866-e837-4678-beb2-8cb736fc98f9
  · shot 03-canvas-grouped
feel record: group-baseline/waitForFunction.png; findings=19; new-surfaces=0; evidence: /Users/aoqimin/Desktop/Nomi-canvas-red/artifacts/feel/group-baseline-bef16866-e837-4678-beb2-8cb736fc98f9
feel record: group-baseline/04-group-frame-real.png; findings=19; new-surfaces=4; evidence: /Users/aoqimin/Desktop/Nomi-canvas-red/artifacts/feel/group-baseline-bef16866-e837-4678-beb2-8cb736fc98f9
  · shot 04-group-frame-real
feel record: group-baseline/waitForFunction.png; findings=19; new-surfaces=0; evidence: /Users/aoqimin/Desktop/Nomi-canvas-red/artifacts/feel/group-baseline-bef16866-e837-4678-beb2-8cb736fc98f9
feel record: group-baseline/05-group-label-real.png; findings=19; new-surfaces=4; evidence: /Users/aoqimin/Desktop/Nomi-canvas-red/artifacts/feel/group-baseline-bef16866-e837-4678-beb2-8cb736fc98f9
  · shot 05-group-label-real
feel record: group-baseline/waitForFunction.png; findings=24; new-surfaces=0; evidence: /Users/aoqimin/Desktop/Nomi-canvas-red/artifacts/feel/group-baseline-bef16866-e837-4678-beb2-8cb736fc98f9
feel record: group-baseline/06-canvas-node-selected.png; findings=24; new-surfaces=3; evidence: /Users/aoqimin/Desktop/Nomi-canvas-red/artifacts/feel/group-baseline-bef16866-e837-4678-beb2-8cb736fc98f9
  · shot 06-canvas-node-selected
feel record: group-baseline/waitForFunction.png; findings=24; new-surfaces=0; evidence: /Users/aoqimin/Desktop/Nomi-canvas-red/artifacts/feel/group-baseline-bef16866-e837-4678-beb2-8cb736fc98f9
feel record: group-baseline/07-composer-real.png; findings=24; new-surfaces=3; evidence: /Users/aoqimin/Desktop/Nomi-canvas-red/artifacts/feel/group-baseline-bef16866-e837-4678-beb2-8cb736fc98f9
  · shot 07-composer-real
feel record: group-baseline/waitForFunction.png; findings=24; new-surfaces=0; evidence: /Users/aoqimin/Desktop/Nomi-canvas-red/artifacts/feel/group-baseline-bef16866-e837-4678-beb2-8cb736fc98f9
feel record: group-baseline/08-node-floating-toolbar-real.png; findings=24; new-surfaces=3; evidence: /Users/aoqimin/Desktop/Nomi-canvas-red/artifacts/feel/group-baseline-bef16866-e837-4678-beb2-8cb736fc98f9
  · shot 08-node-floating-toolbar-real
feel record: group-baseline/waitForFunction.png; findings=24; new-surfaces=0; evidence: /Users/aoqimin/Desktop/Nomi-canvas-red/artifacts/feel/group-baseline-bef16866-e837-4678-beb2-8cb736fc98f9
feel record: group-baseline/09-mention-popup-empty.png; findings=24; new-surfaces=3; evidence: /Users/aoqimin/Desktop/Nomi-canvas-red/artifacts/feel/group-baseline-bef16866-e837-4678-beb2-8cb736fc98f9
  · shot 09-mention-popup-empty
  → 组框实测: {
  "groupBorder": "oklab(0.36 0.00121554 0.00689365)",
  "groupBg": "oklab(0.235 0.00121554 0.00689365 / 0.32)",
  "groupRadius": "16px",
  "labelBg": "oklab(0.235 0.00121554 0.00689366 / 0.96)",
  "labelColor": "oklab(0.93 0.000522935 0.00597717)",
  "labelFont": "",
  "labelText": "组 1加一句说明4",
  "accent": "oklch(0.70 0.13 250)"
}
✅ 基线截图完成 → /Users/aoqimin/Desktop/Nomi-canvas-red/tests/ux/shots/group-baseline
