CANVASRED_WINDOW { width: 1280, height: 933 }
feel record: group-baseline/waitForFunction.png; findings=22; new-surfaces=4; evidence: /Users/aoqimin/Desktop/Nomi-canvas-red/artifacts/feel/group-baseline-2a71f9e9-1b38-4678-bcde-9ba42c0afe82
feel record: group-baseline/01-canvas-4-nodes.png; findings=22; new-surfaces=4; evidence: /Users/aoqimin/Desktop/Nomi-canvas-red/artifacts/feel/group-baseline-2a71f9e9-1b38-4678-bcde-9ba42c0afe82
  · shot 01-canvas-4-nodes
feel record: group-baseline/waitForFunction.png; findings=15; new-surfaces=0; evidence: /Users/aoqimin/Desktop/Nomi-canvas-red/artifacts/feel/group-baseline-2a71f9e9-1b38-4678-bcde-9ba42c0afe82
feel record: group-baseline/02-selection-toolbar-real.png; findings=15; new-surfaces=3; evidence: /Users/aoqimin/Desktop/Nomi-canvas-red/artifacts/feel/group-baseline-2a71f9e9-1b38-4678-bcde-9ba42c0afe82
  · shot 02-selection-toolbar-real
feel record: group-baseline/waitForFunction.png; findings=15; new-surfaces=0; evidence: /Users/aoqimin/Desktop/Nomi-canvas-red/artifacts/feel/group-baseline-2a71f9e9-1b38-4678-bcde-9ba42c0afe82
feel record: group-baseline/03-canvas-grouped.png; findings=15; new-surfaces=3; evidence: /Users/aoqimin/Desktop/Nomi-canvas-red/artifacts/feel/group-baseline-2a71f9e9-1b38-4678-bcde-9ba42c0afe82
  · shot 03-canvas-grouped
feel record: group-baseline/waitForFunction.png; findings=15; new-surfaces=0; evidence: /Users/aoqimin/Desktop/Nomi-canvas-red/artifacts/feel/group-baseline-2a71f9e9-1b38-4678-bcde-9ba42c0afe82
feel record: group-baseline/04-group-frame-real.png; findings=15; new-surfaces=3; evidence: /Users/aoqimin/Desktop/Nomi-canvas-red/artifacts/feel/group-baseline-2a71f9e9-1b38-4678-bcde-9ba42c0afe82
  · shot 04-group-frame-real
feel record: group-baseline/waitForFunction.png; findings=15; new-surfaces=0; evidence: /Users/aoqimin/Desktop/Nomi-canvas-red/artifacts/feel/group-baseline-2a71f9e9-1b38-4678-bcde-9ba42c0afe82
feel record: group-baseline/05-group-label-real.png; findings=15; new-surfaces=3; evidence: /Users/aoqimin/Desktop/Nomi-canvas-red/artifacts/feel/group-baseline-2a71f9e9-1b38-4678-bcde-9ba42c0afe82
  · shot 05-group-label-real
CANVASRED_GEOMETRY {
  grid: '798px 422px',
  stage: {
    x: 60,
    y: 56,
    width: 798,
    height: 876,
    top: 56,
    right: 858,
    bottom: 932,
    left: 60
  },
  nodes: [
    {
      x: -278.760009765625,
      y: 171.27999877929688,
      width: 340,
      height: 340.0000305175781,
      top: 171.27999877929688,
      right: 61.239990234375,
      bottom: 511.280029296875,
      left: -278.760009765625
    },
    {
      x: 173,
      y: 171,
      width: 340,
      height: 340,
      top: 171,
      right: 513,
      bottom: 511,
      left: 173
    },
    {
      x: 42,
      y: 563,
      width: 340,
      height: 340,
      top: 563,
      right: 382,
      bottom: 903,
      left: 42
    },
    {
      x: 494,
      y: 628,
      width: 340,
      height: 340,
      top: 628,
      right: 834,
      bottom: 968,
      left: 494
    }
  ],
  transform: 'translate(-642px, -130px) scale(1)'
}
node:internal/modules/run_main:123
    triggerUncaughtException(
    ^

locator.click: Timeout 4000ms exceeded.
Call log:
[2m  - waiting for locator('.generation-canvas-v2-node[data-node-id]').first()[22m
[2m    - locator resolved to <article data-kind="image" data-status="idle" data-selected="false" data-focus-flash="false" data-node-id="gen-v2-image-mtu6pd11-6gs9" class="generation-canvas-v2-node relative p-0 border-0 rounded-none bg-transparent shadow-none cursor-grab select-none touch-none overflow-visible data-[selected=true]:z-[5] block isolate group/node">…</article>[22m
[2m  - attempting click action[22m
[2m    2 × waiting for element to be visible, enabled and stable[22m
[2m      - element is visible, enabled and stable[22m
[2m      - scrolling into view if needed[22m
[2m      - done scrolling[22m
[2m      - <button type="button" aria-label="流程库" data-state="closed" aria-pressed="false" class="flex w-11 flex-col items-center gap-0.5 rounded-nomi-sm border-0 bg-transparent py-1.5 cursor-pointer text-nomi-ink-40 transition-[background,color] duration-nomi-fast ease-nomi-fast hover:bg-nomi-ink-05 hover:text-nomi-ink disabled:cursor-not-allowed disabled:opacity-50">…</button> from <aside aria-label="项目资源管理器" data-collapsed="true" class="relative flex h-full min-h-0 shrink-0 overflow-hidden border-r border-nomi-line bg-nomi-paper text-nomi-ink transition-[width] duration-150 ease-out">…</aside> subtree intercepts pointer events[22m
[2m    - retrying click action[22m
[2m    - waiting 20ms[22m
[2m    - waiting for element to be visible, enabled and stable[22m
[2m    - element is visible, enabled and stable[22m
[2m    - scrolling into view if needed[22m
[2m    - done scrolling[22m
[2m    - <button type="button" aria-label="流程库" data-state="closed" aria-pressed="false" class="flex w-11 flex-col items-center gap-0.5 rounded-nomi-sm border-0 bg-transparent py-1.5 cursor-pointer text-nomi-ink-40 transition-[background,color] duration-nomi-fast ease-nomi-fast hover:bg-nomi-ink-05 hover:text-nomi-ink disabled:cursor-not-allowed disabled:opacity-50">…</button> from <aside aria-label="项目资源管理器" data-collapsed="true" class="relative flex h-full min-h-0 shrink-0 overflow-hidden border-r border-nomi-line bg-nomi-paper text-nomi-ink transition-[width] duration-150 ease-out">…</aside> subtree intercepts pointer events[22m
[2m  - retrying click action[22m
[2m    - waiting 100ms[22m
[2m    - waiting for element to be visible, enabled and stable[22m
[2m    - element is visible, enabled and stable[22m
[2m    - scrolling into view if needed[22m
[2m    - done scrolling[22m
[2m    - <span class="text-micro leading-none">技能</span> from <aside aria-label="项目资源管理器" data-collapsed="true" class="relative flex h-full min-h-0 shrink-0 overflow-hidden border-r border-nomi-line bg-nomi-paper text-nomi-ink transition-[width] duration-150 ease-out">…</aside> subtree intercepts pointer events[22m
[2m  - retrying click action[22m
[2m    - waiting 100ms[22m
[2m    2 × waiting for element to be visible, enabled and stable[22m
[2m      - element is visible, enabled and stable[22m
[2m      - scrolling into view if needed[22m
[2m      - done scrolling[22m
[2m      - <button type="button" aria-label="流程库" data-state="closed" aria-pressed="false" class="flex w-11 flex-col items-center gap-0.5 rounded-nomi-sm border-0 bg-transparent py-1.5 cursor-pointer text-nomi-ink-40 transition-[background,color] duration-nomi-fast ease-nomi-fast hover:bg-nomi-ink-05 hover:text-nomi-ink disabled:cursor-not-allowed disabled:opacity-50">…</button> from <aside aria-label="项目资源管理器" data-collapsed="true" class="relative flex h-full min-h-0 shrink-0 overflow-hidden border-r border-nomi-line bg-nomi-paper text-nomi-ink transition-[width] duration-150 ease-out">…</aside> subtree intercepts pointer events[22m
[2m    - retrying click action[22m
[2m      - waiting 500ms[22m
[2m      - waiting for element to be visible, enabled and stable[22m
[2m      - element is visible, enabled and stable[22m
[2m      - scrolling into view if needed[22m
[2m      - done scrolling[22m
[2m      - <button type="button" aria-label="流程库" data-state="closed" aria-pressed="false" class="flex w-11 flex-col items-center gap-0.5 rounded-nomi-sm border-0 bg-transparent py-1.5 cursor-pointer text-nomi-ink-40 transition-[background,color] duration-nomi-fast ease-nomi-fast hover:bg-nomi-ink-05 hover:text-nomi-ink disabled:cursor-not-allowed disabled:opacity-50">…</button> from <aside aria-label="项目资源管理器" data-collapsed="true" class="relative flex h-full min-h-0 shrink-0 overflow-hidden border-r border-nomi-line bg-nomi-paper text-nomi-ink transition-[width] duration-150 ease-out">…</aside> subtree intercepts pointer events[22m
[2m    - retrying click action[22m
[2m      - waiting 500ms[22m
[2m      - waiting for element to be visible, enabled and stable[22m
[2m      - element is visible, enabled and stable[22m
[2m      - scrolling into view if needed[22m
[2m      - done scrolling[22m
[2m      - <button type="button" aria-label="流程库" data-state="closed" aria-pressed="false" class="flex w-11 flex-col items-center gap-0.5 rounded-nomi-sm border-0 bg-transparent py-1.5 cursor-pointer text-nomi-ink-40 transition-[background,color] duration-nomi-fast ease-nomi-fast hover:bg-nomi-ink-05 hover:text-nomi-ink disabled:cursor-not-allowed disabled:opacity-50">…</button> from <aside aria-label="项目资源管理器" data-collapsed="true" class="relative flex h-full min-h-0 shrink-0 overflow-hidden border-r border-nomi-line bg-nomi-paper text-nomi-ink transition-[width] duration-150 ease-out">…</aside> subtree intercepts pointer events[22m
[2m    - retrying click action[22m
[2m      - waiting 500ms[22m
[2m      - waiting for element to be visible, enabled and stable[22m
[2m      - element is visible, enabled and stable[22m
[2m      - scrolling into view if needed[22m
[2m      - done scrolling[22m
[2m      - <span class="text-micro leading-none">技能</span> from <aside aria-label="项目资源管理器" data-collapsed="true" class="relative flex h-full min-h-0 shrink-0 overflow-hidden border-r border-nomi-line bg-nomi-paper text-nomi-ink transition-[width] duration-150 ease-out">…</aside> subtree intercepts pointer events[22m
[2m    - retrying click action[22m
[2m      - waiting 500ms[22m

    at /Users/aoqimin/Desktop/Nomi-canvas-red/tests/ux/group-baseline.walk.mjs:79:17 {
  name: 'TimeoutError'
}

Node.js v22.22.0
