
 RUN  v4.1.8 /Users/aoqimin/Desktop/Nomi-canvas-red

 ❯ src/workbench/generationCanvas/components/useCreatedNodeVisibilityPan.test.ts (16 tests | 5 failed) 4ms
     × keeps all four consecutive creations inside a 798px stage 1ms
     × keeps all four consecutive creations inside a 1198px stage 0ms
     × uses the smallest translation when the whole sequence fits, without recentering 0ms
     × does nothing when all creations are visible 0ms
     × at the existing minimum zoom reveals the newest card even if the oldest cannot fit 0ms

⎯⎯⎯⎯⎯⎯⎯ Failed Tests 5 ⎯⎯⎯⎯⎯⎯⎯

 FAIL  src/workbench/generationCanvas/components/useCreatedNodeVisibilityPan.test.ts > revealCreatedSequenceViewport > keeps all four consecutive creations inside a 798px stage
 FAIL  src/workbench/generationCanvas/components/useCreatedNodeVisibilityPan.test.ts > revealCreatedSequenceViewport > keeps all four consecutive creations inside a 1198px stage
TypeError: revealCreatedSequenceViewport is not a function
 ❯ src/workbench/generationCanvas/components/useCreatedNodeVisibilityPan.test.ts:82:18
     80|   const sequence = [at(300, 180), at(680, 180), at(1060, 180), at(1440…
     81|   it.each([798, 1198])('keeps all four consecutive creations inside a …
     82|     const next = revealCreatedSequenceViewport(sequence, sequence[3], …
       |                  ^
     83|     expect(next.zoom).toBeLessThan(1)
     84|     for (const node of sequence) {

⎯⎯⎯⎯⎯⎯⎯⎯⎯⎯⎯⎯⎯⎯⎯⎯⎯⎯⎯⎯⎯⎯⎯⎯[1/5]⎯

 FAIL  src/workbench/generationCanvas/components/useCreatedNodeVisibilityPan.test.ts > revealCreatedSequenceViewport > uses the smallest translation when the whole sequence fits, without recentering
TypeError: revealCreatedSequenceViewport is not a function
 ❯ src/workbench/generationCanvas/components/useCreatedNodeVisibilityPan.test.ts:91:12
     89|   it('uses the smallest translation when the whole sequence fits, with…
     90|     const nodes = [at(100, 100), at(500, 100)]
     91|     expect(revealCreatedSequenceViewport(nodes, nodes[1], { zoom: 1, o…
       |            ^
     92|       .toEqual({ zoom: 1, offset: { x: 820 - REVEAL_MARGIN_PX - 500 - …
     93|   })

⎯⎯⎯⎯⎯⎯⎯⎯⎯⎯⎯⎯⎯⎯⎯⎯⎯⎯⎯⎯⎯⎯⎯⎯[2/5]⎯

 FAIL  src/workbench/generationCanvas/components/useCreatedNodeVisibilityPan.test.ts > revealCreatedSequenceViewport > does nothing when all creations are visible
TypeError: revealCreatedSequenceViewport is not a function
 ❯ src/workbench/generationCanvas/components/useCreatedNodeVisibilityPan.test.ts:95:12
     93|   })
     94|   it('does nothing when all creations are visible', () => {
     95|     expect(revealCreatedSequenceViewport([at(100, 100)], at(100, 100),…
       |            ^
     96|   })
     97|   it('at the existing minimum zoom reveals the newest card even if the…

⎯⎯⎯⎯⎯⎯⎯⎯⎯⎯⎯⎯⎯⎯⎯⎯⎯⎯⎯⎯⎯⎯⎯⎯[3/5]⎯

 FAIL  src/workbench/generationCanvas/components/useCreatedNodeVisibilityPan.test.ts > revealCreatedSequenceViewport > at the existing minimum zoom reveals the newest card even if the oldest cannot fit
TypeError: revealCreatedSequenceViewport is not a function
 ❯ src/workbench/generationCanvas/components/useCreatedNodeVisibilityPan.test.ts:99:18
     97|   it('at the existing minimum zoom reveals the newest card even if the…
     98|     const nodes = [at(0, 100), at(10000, 100)]
     99|     const next = revealCreatedSequenceViewport(nodes, nodes[1], { zoom…
       |                  ^
    100|     expect(next.zoom).toBe(0.2)
    101|     expect((nodes[1].position.x + W) * next.zoom + next.offset.x).toBe…

⎯⎯⎯⎯⎯⎯⎯⎯⎯⎯⎯⎯⎯⎯⎯⎯⎯⎯⎯⎯⎯⎯⎯⎯[4/5]⎯


 Test Files  1 failed (1)
      Tests  5 failed | 11 passed (16)
   Start at  22:30:36
   Duration  134ms (transform 48ms, setup 27ms, import 37ms, tests 4ms, environment 0ms)
