  ok: 种子供应商 Batch Mock 已在模型设置里可见
  screenshot: 01-light-model-settings.png
CANVAS_CLICK_DIAGNOSTIC {"tag":"P","label":"AI 影像创作画布","nodeId":"gen-v2-image-mtt9u2jr-fj6u","x":1030,"y":688}
CANVAS_CLICK_DIAGNOSTIC {"tag":"P","label":"AI 影像创作画布","nodeId":"gen-v2-image-mtt9u45f-ilgo","x":1089,"y":687}
CANVAS_CLICK_DIAGNOSTIC {"tag":"DIV","label":"AI 影像创作画布","nodeId":"gen-v2-image-mtt9u2jr-fj6u","x":560,"y":311}
  ok: 连接点和目标节点都有可点击区域
  ok: 真实点击建立依赖边
  ok: 无选择入口显示两个待生成节点
  ok: 未框选时批量模型更新已触发项目持久化
  ok: 未框选时图片节点统一切到图片 B
  ok: 并发偏好写入本地存储
  screenshot: 02-light-generate-all.png
  screenshot: 03-spend-confirm-before-cancel.png
  ok: 取消付费确认后 vendor 零调用
  screenshot: 04-generate-all-completed.png
  ok: 依赖波次两个请求都完成
  ok: 下游在上游完成后才开始
  ok: 下游请求收到上游图片参考
CANVAS_CLICK_DIAGNOSTIC {"tag":"P","label":"AI 影像创作画布","nodeId":"gen-v2-image-mtt9ufim-ttc9","x":298,"y":478}
CANVAS_CLICK_DIAGNOSTIC {"tag":"P","label":"AI 影像创作画布","nodeId":"gen-v2-video-mtt9uh4b-zubq","x":492,"y":681}
  ok: 真实点击新增图片和视频节点
CANVAS_CLICK_DIAGNOSTIC {"tag":"DIV","label":"AI 影像创作画布","nodeId":"gen-v2-image-mtt9u45f-ilgo","x":960,"y":156}
  ok: 混合选择只统计两个待生成节点
  ok: 批量模型更新已触发项目持久化
  ok: 三个图片节点统一切到图片 B
  ok: 视频节点切到视频 B
  screenshot: 05-light-mixed-selection-models.png
  screenshot: 06-dark-mixed-selection-models.png
  ok: 暗色下模型设置仍列出 Batch Mock 供应商
  ok: 模型切换反馈通知仍然可见
  ok: 模型面板打开时通知不会遮挡面板
  screenshot: 07-dark-model-settings.png
  ok: 混合选中生成取消后 vendor 零新增调用
CANVAS_CLICK_DIAGNOSTIC {"tag":"DIV","label":"AI 影像创作画布","nodeId":"gen-v2-image-mtt9ufim-ttc9","x":534,"y":423}
CANVAS_CLICK_DIAGNOSTIC {"tag":"DIV","label":"AI 影像创作画布","nodeId":"gen-v2-image-mtt9u2jr-fj6u","x":512,"y":85}
  ok: 选中批量只生成一个失败待测节点
  ok: 批量开始时只有一条对应通知
  ok: 通知宽度为 344px
  ok: 通知容器避开窗口栏和顶栏（top=68px）
  ok: 堆叠通知不会越过通知容器顶部
  ok: 开始到失败原位更新同一个通知 DOM
  ok: 失败后没有堆叠第二条批量通知
  ok: 失败通知提供独立的重试按钮
  screenshot: 08-failed-with-retry-action.png
  ok: 重试完成后仍只有一条对应通知
  ok: 失败节点通过一键重试成功
  ok: 重试后并发偏好仍为 2
  screenshot: 09-retry-completed-dark.png
TIMELINE_HANDLE_DIAGNOSTIC {"count":1,"elements":["<button type=\"button\" class=\"workbench-generation__timeline-handle absolute bottom-3 left-1/2 -translate-x-1/2 z-[8] inline-flex items-center gap-2 rounded-full px-3 py-1.5 border border-[var(--workbench-border)] bg-nomi-paper shadow-workbench-pop text-body-sm font-medium text-nomi-ink transition-colors hover:bg-nomi-ink-05\" data-canvas-bottom-dock=\"true\" aria-label=\"展开生成时间轴\"><svg xmlns=\"http://www.w3.org/2000/svg\" width=\"15\" height=\"15\" viewBox=\"0 0 24 24\" fill=\"none\" stroke=\"currentColor\" stroke-width=\"1.8\" stroke-linecap=\"round\" stroke-linejoin=\"round\" class=\"tabler-icon tabler-icon-layout-list text-nomi-ink-60\"><path d=\"M4 6a2 2 0 0 1 2 -2h12a2 2 0 0 1 2 2v2a2 2 0 0 1 -2 2h-12a2 2 0 0 1 -2 -2l0 -2\"></path><path d=\"M4 16a2 2 0 0 1 2 -2h12a2 2 0 0 1 2 2v2a2 2 0 0 1 -2 2h-12a2 2 0 0 1 -2 -2l0 -2\"></path></svg><span>时间轴</span><span class=\"text-nomi-ink-60\">0 段 · 0:00</span><svg xmlns=\"http://www.w3.org/2000/svg\" width=\"15\" height=\"15\" viewBox=\"0 0 24 24\" fill=\"none\" stroke=\"currentColor\" stroke-width=\"1.8\" stroke-linecap=\"round\" stroke-linejoin=\"round\" class=\"tabler-icon tabler-icon-chevron-up text-nomi-ink-60\"><path d=\"M6 15l6 -6l6 6\"></path></svg></button>"],"document":{"viewport":{"width":1680,"height":840,"dpr":2},"handles":[{"html":"<button type=\"button\" class=\"workbench-generation__timeline-handle absolute bottom-3 left-1/2 -translate-x-1/2 z-[8] inline-flex items-center gap-2 rounded-full px-3 py-1.5 border border-[var(--workbench-border)] bg-nomi-paper shadow-workbench-pop text-body-sm font-medium text-nomi-ink transition-colors hover:bg-nomi-ink-05\" data-canvas-bottom-dock=\"true\" aria-label=\"展开生成时间轴\"><svg xmlns=\"http://www.w3.org/2000/svg\" width=\"15\" height=\"15\" viewBox=\"0 0 24 24\" fill=\"none\" stroke=\"currentColor\" stroke-width=\"1.8\" stroke-linecap=\"round\" stroke-linejoin=\"round\" class=\"tabler-icon tabler-icon-layout-list text-nomi-ink-60\"><path d=\"M4 6a2 2 0 0 1 2 -2h12a2 2 0 0 1 2 2v2a2 2 0 0 1 -2 2h-12a2 2 0 0 1 -2 -2l0 -2\"></path><path d=\"M4 16a2 2 0 0 1 2 -2h12a2 2 0 0 1 2 2v2a2 2 0 0 1 -2 2h-12a2 2 0 0 1 -2 -2l0 -2\"></path></svg><span>时间轴</span><span class=\"text-nomi-ink-60\">0 段 · 0:00</span><svg xmlns=\"http://www.w3.org/2000/svg\" width=\"15\" height=\"15\" viewBox=\"0 0 24 24\" fill=\"none\" stroke=\"currentColor\" stroke-width=\"1.8\" stroke-linecap=\"round\" stroke-linejoin=\"round\" class=\"tabler-icon tabler-icon-chevron-up text-nomi-ink-60\"><path d=\"M6 15l6 -6l6 6\"></path></svg></button>"}],"timelines":0,"dialogs":[]}}
  ok: 批量底栏没有盖住时间轴展开入口
  ok: 批量底栏提供可识别的隐藏入口
  ok: 隐藏批量底栏后不再遮挡画布底部
  ok: 隐藏批量底栏后时间轴入口仍可用
CANVAS_CLICK_DIAGNOSTIC {"tag":"SPAN","label":"展开生成时间轴","x":700,"y":810}
  ok: 时间轴可从底部入口正常展开
  screenshot: 10-timeline-unblocked.png
  ok: 页面运行无 pageerror
  ok: 控制台无意外 error
  expected console errors from fail-once path: 0
  screenshots: /Users/aoqimin/Desktop/Nomi-process-feedback/tests/ux/shots/canvas-batch-production
CANVAS BATCH PRODUCTION WALK: PASS
