
 RUN  v4.1.8 /Users/aoqimin/Desktop/Nomi-money-guard

 ❯ electron/catalog/rendererCatalogMutation.test.ts (8 tests | 2 failed) 14ms
     × network failure preserves the previous credential 6ms
     × 401 never overwrites the previous credential or disables its vendor 1ms

⎯⎯⎯⎯⎯⎯⎯ Failed Tests 2 ⎯⎯⎯⎯⎯⎯⎯

 FAIL  electron/catalog/rendererCatalogMutation.test.ts > B4 candidate credentials > network failure preserves the previous credential
AssertionError: promise resolved "{ vendorKey: 'relay', …(1) }" instead of rejecting

- Expected
+ Received

- Error {
-   "message": "rejected promise",
+ {
+   "payload": {
+     "apiKey": "candidate-test",
+     "enabled": false,
+   },
+   "vendorKey": "relay",
  }

 ❯ electron/catalog/rendererCatalogMutation.test.ts:182:120
    180|     vi.mocked(store.readCatalog).mockReturnValue(catalog);
    181|     vi.mocked(fetchModelList).mockResolvedValue({ ok: false, statuses:…
    182|     await expect(Promise.resolve().then(() => upsertRendererCatalogVen…
       |                                                                                                                        ^
    183|     expect(store.upsertModelCatalogVendorApiKey).not.toHaveBeenCalled(…
    184|   });

⎯⎯⎯⎯⎯⎯⎯⎯⎯⎯⎯⎯⎯⎯⎯⎯⎯⎯⎯⎯⎯⎯⎯⎯[1/2]⎯

 FAIL  electron/catalog/rendererCatalogMutation.test.ts > B4 candidate credentials > 401 never overwrites the previous credential or disables its vendor
AssertionError: promise resolved "{ vendorKey: 'relay', …(1) }" instead of rejecting

- Expected
+ Received

- Error {
-   "message": "rejected promise",
+ {
+   "payload": {
+     "apiKey": "invalid-test-key",
+     "enabled": false,
+   },
+   "vendorKey": "relay",
  }

 ❯ electron/catalog/rendererCatalogMutation.test.ts:190:122
    188|     vi.mocked(store.readCatalog).mockReturnValue(catalog);
    189|     vi.mocked(fetchModelList).mockResolvedValue({ ok: false, status: 4…
    190|     await expect(Promise.resolve().then(() => upsertRendererCatalogVen…
       |                                                                                                                          ^
    191|     expect(store.upsertModelCatalogVendorApiKey).not.toHaveBeenCalled(…
    192|     expect(store.upsertModelCatalogVendor).not.toHaveBeenCalled();

⎯⎯⎯⎯⎯⎯⎯⎯⎯⎯⎯⎯⎯⎯⎯⎯⎯⎯⎯⎯⎯⎯⎯⎯[2/2]⎯


 Test Files  1 failed (1)
      Tests  2 failed | 6 passed (8)
   Start at  15:46:24
   Duration  1.04s (transform 651ms, setup 47ms, import 832ms, tests 14ms, environment 0ms)

