
 RUN  v4.1.8 /Users/aoqimin/Desktop/Nomi-money-guard

 ❯ electron/ai/onboarding/onboardingIpc.test.ts (14 tests | 1 failed) 22ms
     × returns credential rejection in the IPC result envelope 8ms

⎯⎯⎯⎯⎯⎯⎯ Failed Tests 1 ⎯⎯⎯⎯⎯⎯⎯

 FAIL  electron/ai/onboarding/onboardingIpc.test.ts > onboarding discovery IPC preserves the shared result contract > returns credential rejection in the IPC result envelope
AssertionError: expected undefined to be type of 'function'

Expected: "function"
Received: "undefined"

 ❯ electron/ai/onboarding/onboardingIpc.test.ts:26:21
     24|   it("returns credential rejection in the IPC result envelope", async …
     25|     const handler = handlers.get("nomi:model-catalog:vendor-api-key:up…
     26|     expect(handler).toBeTypeOf("function");
       |                     ^
     27|     expect(await handler?.({}, "vendor", { apiKey: "invalid-fixture" }…
     28|       ok: false, error: "candidate rejected; old key preserved",

⎯⎯⎯⎯⎯⎯⎯⎯⎯⎯⎯⎯⎯⎯⎯⎯⎯⎯⎯⎯⎯⎯⎯⎯[1/1]⎯


 Test Files  1 failed (1)
      Tests  1 failed | 13 passed (14)
   Start at  17:22:52
   Duration  606ms (transform 307ms, setup 41ms, import 441ms, tests 22ms, environment 0ms)

