
 RUN  v4.1.8 /Users/aoqimin/Desktop/Nomi-money-guard

 ❯ electron/productionRun/productionPolicyReadiness.test.ts (2 tests | 2 failed) 10ms
     × reports every missing contract prerequisite at once 7ms
     × is ready without a global ceiling when both allowlists are present 2ms

⎯⎯⎯⎯⎯⎯⎯ Failed Tests 2 ⎯⎯⎯⎯⎯⎯⎯

 FAIL  electron/productionRun/productionPolicyReadiness.test.ts > production policy readiness > reports every missing contract prerequisite at once
AssertionError: expected { ready: false, issueCount: 3, …(4) } to deeply equal { ready: false, issueCount: 2, …(3) }

- Expected
+ Received

@@ -1,7 +1,8 @@
  {
-   "issueCount": 2,
+   "issueCount": 3,
+   "missingHardBudget": true,
    "missingModels": [
      "gpt-image-2",
    ],
    "missingProviders": [
      "code-newcli-com",

 ❯ electron/productionRun/productionPolicyReadiness.test.ts:22:23
     20|     }, jobs)
     21|
     22|     expect(readiness).toEqual({
       |                       ^
     23|       ready: false,
     24|       issueCount: 2,

⎯⎯⎯⎯⎯⎯⎯⎯⎯⎯⎯⎯⎯⎯⎯⎯⎯⎯⎯⎯⎯⎯⎯⎯[1/2]⎯

 FAIL  electron/productionRun/productionPolicyReadiness.test.ts > production policy readiness > is ready without a global ceiling when both allowlists are present
AssertionError: expected { ready: false, issueCount: 1, …(4) } to match object { ready: true, issueCount: +0 }
(4 matching properties omitted from actual)

- Expected
+ Received

  {
-   "issueCount": 0,
-   "ready": true,
+   "issueCount": 1,
+   "ready": false,
  }

 ❯ electron/productionRun/productionPolicyReadiness.test.ts:41:15
     39|       allowedProviders: ['code-newcli-com'],
     40|       allowedModels: ['gpt-image-2'],
     41|     }, jobs)).toMatchObject({ ready: true, issueCount: 0 })
       |               ^
     42|   })
     43| })

⎯⎯⎯⎯⎯⎯⎯⎯⎯⎯⎯⎯⎯⎯⎯⎯⎯⎯⎯⎯⎯⎯⎯⎯[2/2]⎯


 Test Files  1 failed (1)
      Tests  2 failed (2)
   Start at  15:49:26
   Duration  185ms (transform 30ms, setup 28ms, import 15ms, tests 10ms, environment 0ms)

